11-22 14:49:04 com_github_MitjaNemec_PlaceFootprints.action_place_footprints 674:Plugin executed on: 'win32'
11-22 14:49:04 com_github_MitjaNemec_PlaceFootprints.action_place_footprints 675:Plugin executed with python version: '3.11.5 (main, Sep 17 2025, 01:04:48) [MSC v.1944 64 bit (AMD64)]'
11-22 14:49:04 com_github_MitjaNemec_PlaceFootprints.action_place_footprints 676:KiCad build version: 9.0.5
11-22 14:49:04 com_github_MitjaNemec_PlaceFootprints.action_place_footprints 677:Plugin version: 4.0.1
11-22 14:49:04 com_github_MitjaNemec_PlaceFootprints.action_place_footprints 678:Frame repr: <wx._core.Frame object at 0x00000224899AFE20>
11-22 14:49:04 com_github_MitjaNemec_PlaceFootprints.place_footprints 121:getting a list of all footprints on board
11-22 14:49:04 com_github_MitjaNemec_PlaceFootprints.place_footprints 156:Footprint Y1 on root level
11-22 14:49:04 com_github_MitjaNemec_PlaceFootprints.place_footprints 156:Footprint J1 on root level
11-22 14:49:04 com_github_MitjaNemec_PlaceFootprints.place_footprints 156:Footprint J3 on root level
11-22 14:49:04 com_github_MitjaNemec_PlaceFootprints.place_footprints 156:Footprint R4 on root level
11-22 14:49:04 com_github_MitjaNemec_PlaceFootprints.place_footprints 156:Footprint U3 on root level
11-22 14:49:04 com_github_MitjaNemec_PlaceFootprints.place_footprints 156:Footprint J4 on root level
11-22 14:49:04 com_github_MitjaNemec_PlaceFootprints.place_footprints 156:Footprint Y2 on root level
11-22 14:49:04 com_github_MitjaNemec_PlaceFootprints.place_footprints 156:Footprint U1 on root level
11-22 14:49:04 com_github_MitjaNemec_PlaceFootprints.place_footprints 156:Footprint C16 on root level
11-22 14:49:04 com_github_MitjaNemec_PlaceFootprints.place_footprints 156:Footprint C1 on root level
11-22 14:49:04 com_github_MitjaNemec_PlaceFootprints.place_footprints 156:Footprint C14 on root level
11-22 14:49:04 com_github_MitjaNemec_PlaceFootprints.place_footprints 156:Footprint R15 on root level
11-22 14:49:04 com_github_MitjaNemec_PlaceFootprints.place_footprints 156:Footprint J2 on root level
11-22 14:49:04 com_github_MitjaNemec_PlaceFootprints.place_footprints 156:Footprint J5 on root level
11-22 14:49:04 com_github_MitjaNemec_PlaceFootprints.place_footprints 156:Footprint C10 on root level
11-22 14:49:04 com_github_MitjaNemec_PlaceFootprints.place_footprints 156:Footprint D1 on root level
11-22 14:49:04 com_github_MitjaNemec_PlaceFootprints.place_footprints 156:Footprint R14 on root level
11-22 14:49:04 com_github_MitjaNemec_PlaceFootprints.place_footprints 156:Footprint C11 on root level
11-22 14:49:04 com_github_MitjaNemec_PlaceFootprints.place_footprints 156:Footprint C15 on root level
11-22 14:49:04 com_github_MitjaNemec_PlaceFootprints.place_footprints 156:Footprint R3 on root level
11-22 14:49:04 com_github_MitjaNemec_PlaceFootprints.place_footprints 156:Footprint SW3 on root level
11-22 14:49:04 com_github_MitjaNemec_PlaceFootprints.place_footprints 156:Footprint C12 on root level
11-22 14:49:04 com_github_MitjaNemec_PlaceFootprints.place_footprints 156:Footprint C5 on root level
11-22 14:49:04 com_github_MitjaNemec_PlaceFootprints.place_footprints 156:Footprint R17 on root level
11-22 14:49:04 com_github_MitjaNemec_PlaceFootprints.place_footprints 156:Footprint U5 on root level
11-22 14:49:04 com_github_MitjaNemec_PlaceFootprints.place_footprints 156:Footprint R2 on root level
11-22 14:49:04 com_github_MitjaNemec_PlaceFootprints.place_footprints 156:Footprint C17 on root level
11-22 14:49:04 com_github_MitjaNemec_PlaceFootprints.place_footprints 156:Footprint C4 on root level
11-22 14:49:04 com_github_MitjaNemec_PlaceFootprints.place_footprints 156:Footprint R13 on root level
11-22 14:49:04 com_github_MitjaNemec_PlaceFootprints.place_footprints 156:Footprint C19 on root level
11-22 14:49:04 com_github_MitjaNemec_PlaceFootprints.place_footprints 156:Footprint U4 on root level
11-22 14:49:04 com_github_MitjaNemec_PlaceFootprints.place_footprints 156:Footprint C2 on root level
11-22 14:49:04 com_github_MitjaNemec_PlaceFootprints.place_footprints 156:Footprint C20 on root level
11-22 14:49:04 com_github_MitjaNemec_PlaceFootprints.place_footprints 156:Footprint R7 on root level
11-22 14:49:04 com_github_MitjaNemec_PlaceFootprints.place_footprints 156:Footprint R10 on root level
11-22 14:49:04 com_github_MitjaNemec_PlaceFootprints.place_footprints 156:Footprint C6 on root level
11-22 14:49:04 com_github_MitjaNemec_PlaceFootprints.place_footprints 156:Footprint R1 on root level
11-22 14:49:04 com_github_MitjaNemec_PlaceFootprints.place_footprints 156:Footprint C7 on root level
11-22 14:49:04 com_github_MitjaNemec_PlaceFootprints.place_footprints 156:Footprint SW2 on root level
11-22 14:49:04 com_github_MitjaNemec_PlaceFootprints.place_footprints 156:Footprint R8 on root level
11-22 14:49:04 com_github_MitjaNemec_PlaceFootprints.place_footprints 156:Footprint C13 on root level
11-22 14:49:04 com_github_MitjaNemec_PlaceFootprints.place_footprints 156:Footprint SW1 on root level
11-22 14:49:04 com_github_MitjaNemec_PlaceFootprints.place_footprints 156:Footprint C3 on root level
11-22 14:49:04 com_github_MitjaNemec_PlaceFootprints.place_footprints 156:Footprint R5 on root level
11-22 14:49:04 com_github_MitjaNemec_PlaceFootprints.place_footprints 156:Footprint R16 on root level
11-22 14:49:04 com_github_MitjaNemec_PlaceFootprints.place_footprints 156:Footprint C9 on root level
11-22 14:49:04 com_github_MitjaNemec_PlaceFootprints.place_footprints 156:Footprint D3 on root level
11-22 14:49:04 com_github_MitjaNemec_PlaceFootprints.place_footprints 156:Footprint D4 on root level
11-22 14:49:04 com_github_MitjaNemec_PlaceFootprints.place_footprints 156:Footprint R9 on root level
11-22 14:49:04 com_github_MitjaNemec_PlaceFootprints.place_footprints 156:Footprint C18 on root level
11-22 14:49:04 com_github_MitjaNemec_PlaceFootprints.place_footprints 156:Footprint R11 on root level
11-22 14:49:04 com_github_MitjaNemec_PlaceFootprints.place_footprints 156:Footprint R6 on root level
11-22 14:49:04 com_github_MitjaNemec_PlaceFootprints.place_footprints 156:Footprint R12 on root level
11-22 14:49:04 com_github_MitjaNemec_PlaceFootprints.place_footprints 156:Footprint D2 on root level
11-22 14:49:04 com_github_MitjaNemec_PlaceFootprints.place_footprints 156:Footprint U2 on root level
11-22 14:49:04 com_github_MitjaNemec_PlaceFootprints.place_footprints 156:Footprint C8 on root level
11-22 14:49:04 com_github_MitjaNemec_PlaceFootprints.action_place_footprints 717:Reference footprint='SW1'
11-22 14:49:05 com_github_MitjaNemec_PlaceFootprints.action_place_footprints 858:Reference designator is: SW
11-22 14:49:05 com_github_MitjaNemec_PlaceFootprints.action_place_footprints 859:Reference number is: 1
11-22 14:49:05 com_github_MitjaNemec_PlaceFootprints.action_place_footprints 891:Sorted and filtered list:
['SW1', 'SW2', 'SW3']
11-22 14:49:05 com_github_MitjaNemec_PlaceFootprints.action_place_footprints 376:wx.Colour(240, 240, 240, 255)
11-22 14:49:19 com_github_MitjaNemec_PlaceFootprints.action_place_footprints 507:'10'
11-22 14:49:19 com_github_MitjaNemec_PlaceFootprints.action_place_footprints 559:Preparing config for reference circular
11-22 14:49:19 com_github_MitjaNemec_PlaceFootprints.action_place_footprints 573:Saving config file
11-22 14:49:19 com_github_MitjaNemec_PlaceFootprints.action_place_footprints 575:Saved the config file
11-22 14:49:19 com_github_MitjaNemec_PlaceFootprints.action_place_footprints 929:Footprints to place:
['SW1', 'SW2']
11-22 14:49:19 com_github_MitjaNemec_PlaceFootprints.place_footprints 359:Starting placing with circular layout
11-22 14:49:19 com_github_MitjaNemec_PlaceFootprints.place_footprints 369:reference footprint position at: VECTOR2I(138300000, 157200000)
11-22 14:49:19 com_github_MitjaNemec_PlaceFootprints.place_footprints 374:rotation center at: (138300000, 167200000.0)
11-22 14:49:19 com_github_MitjaNemec_PlaceFootprints.action_place_footprints 944:Placing complete
